{
    "chosen_version": "3.0.0",
    "total_api_version_list": ["3.0.0"],
    "client": {
        "name": "MultiapiServiceClient",
        "filename": "_multiapi_service_client",
        "description": "Service client for multiapi client testing.",
        "sync_imports": "from typing import TYPE_CHECKING\n\nfrom azure.core import PipelineClient\nfrom msrest import Deserializer, Serializer\n\nif TYPE_CHECKING:\n    # pylint: disable=unused-import,ungrouped-imports\n    from typing import Any",
        "async_imports": "from typing import Any\n\nfrom azure.core import AsyncPipelineClient\nfrom msrest import Deserializer, Serializer"
    },
    "global_parameters": {
        "sync_method": {
            "credential": {
                "method_signature": "credential,  # type: \"TokenCredential\"",
                "description": "Credential needed for the client to connect to Azure.",
                "docstring_type": "~azure.core.credentials.TokenCredential",
                "required": true
            }
        },
        "async_method": {
            "credential": {
                "method_signature": "credential,  # type: \"AsyncTokenCredential\"",
                "description": "Credential needed for the client to connect to Azure.",
                "docstring_type": "~azure.core.credentials_async.AsyncTokenCredential",
                "required": true
            }
        },
        "constant": {
        },
        "call": "credential"
    },
    "config": {
        "credential": true,
        "credential_scopes": [],
        "sync_imports": "from typing import TYPE_CHECKING\n\nfrom azure.core.configuration import Configuration\nfrom azure.core.pipeline import policies\n\nif TYPE_CHECKING:\n    # pylint: disable=unused-import,ungrouped-imports\n    from typing import Any\n\n    from azure.core.credentials_async import AsyncTokenCredential",
        "async_imports": "from typing import Any, TYPE_CHECKING\n\nfrom azure.core.configuration import Configuration\nfrom azure.core.pipeline import policies\n\nif TYPE_CHECKING:\n    # pylint: disable=unused-import,ungrouped-imports\n    from azure.core.credentials_async import AsyncTokenCredential"
    },
    "operation_groups": {
        "operation_group_one": "OperationGroupOneOperations",
        "operation_group_two": "OperationGroupTwoOperations"
    },
    "operation_mixins": {
        "test_paging" : {
            "sync_imports": "",
            "async_imports": "",
            "sync": {
                "operation_name": "test_paging",
                "signature": "def test_paging(\n    self,\n    **kwargs  # type: Any\n):\n"
            },
            "async": {
                "operation_name": "test_paging",
                "signature": "def test_paging(\n    self,\n    **kwargs\n) -\u003e AsyncItemPaged[\"models.PagingResult\"]:\n",
                "coroutine": false
            },
            "doc": "    \"\"\"Returns ModelThree with optionalProperty \u0027paged\u0027.\n\n:keyword callable cls: A custom type or function that will be passed the direct response\n:return: PagingResult or the result of cls(response)\n:rtype: ~multiapi.v3.models.PagingResult\n:raises: ~azure.core.exceptions.HttpResponseError\n\"\"\"",
            "call": ""
        }
    }
}